// Jest Snapshot v1, https://goo.gl/fbAQLP

exports[`ThingListItem renders a thing 1`] = `
<ThingListItem
  onPress={[Function]}
  thing={
    Object {
      "id": 1,
      "source": Object {
        "alts": Array [
          "def",
        ],
        "kind": "text",
        "word": "abc",
      },
      "target": Object {
        "alts": Array [
          "def",
        ],
        "kind": "text",
        "word": "abc",
      },
    }
  }
/>
`;
