// Jest Snapshot v1, https://goo.gl/fbAQLP

exports[`Matches snapshot 1`] = `
<Component>
  <Button
    onPress={[Function]}
    title="ADD!"
  />
  <WebView
    scalesPageToFit={true}
    source={
      Object {
        "uri": "memrise.com/course/1/Course Slug/edit",
      }
    }
    userAgent="Mozilla/5.0 (compatible; MSIE 10.0; Windows Phone 8.0; Trident/6.0; IEMobile/10.0; ARM; Touch; NOKIA; Lumia 920)"
  />
</Component>
`;
